D:\SpringBoot\Ecom-app\src\main\java\com\Bean\CartBean.java
D:\SpringBoot\Ecom-app\src\main\java\com\Bean\CustomerBean.java
D:\SpringBoot\Ecom-app\src\main\java\com\Bean\PaymentBean.java
D:\SpringBoot\Ecom-app\src\main\java\com\Bean\ProductBean.java
D:\SpringBoot\Ecom-app\src\main\java\com\Config\MyConfig.java
D:\SpringBoot\Ecom-app\src\main\java\com\Controller\AdminController.java
D:\SpringBoot\Ecom-app\src\main\java\com\Controller\CustomerCardController.java
D:\SpringBoot\Ecom-app\src\main\java\com\Controller\CustomerController.java
D:\SpringBoot\Ecom-app\src\main\java\com\Controller\PaymentController.java
D:\SpringBoot\Ecom-app\src\main\java\com\Controller\ProductController.java
D:\SpringBoot\Ecom-app\src\main\java\com\Controller\SessionController.java
D:\SpringBoot\Ecom-app\src\main\java\com\Dao\CartDao.java
D:\SpringBoot\Ecom-app\src\main\java\com\Dao\CustomerDao.java
D:\SpringBoot\Ecom-app\src\main\java\com\Dao\ProductDao.java
D:\SpringBoot\Ecom-app\src\main\java\com\EcomAppApplication.java
D:\SpringBoot\Ecom-app\src\main\java\com\Service\OtpService.java
D:\SpringBoot\Ecom-app\src\main\java\com\Service\PaymentService.java
